../Core/Src/main.c:102:6:HAL_SPI_TxRxHalfCpltCallback	16	static
../Core/Src/main.c:110:6:HAL_SPI_TxRxCpltCallback	16	static
../Core/Src/main.c:123:5:main	24	static
../Core/Src/main.c:249:6:SystemClock_Config	88	static
../Core/Src/main.c:296:13:MX_SDIO_SD_Init	8	static
../Core/Src/main.c:333:13:MX_SPI1_Init	8	static
../Core/Src/main.c:371:13:MX_USART2_UART_Init	8	static
../Core/Src/main.c:404:13:MX_USART3_UART_Init	8	static
../Core/Src/main.c:437:13:MX_USB_OTG_FS_PCD_Init	8	static
../Core/Src/main.c:470:13:MX_DMA_Init	16	static
../Core/Src/main.c:497:13:MX_GPIO_Init	56	static
../Core/Src/main.c:582:1:__io_putchar	16	static
../Core/Src/main.c:592:13:SPI_SDIO_Test	8344	static
../Core/Src/main.c:696:13:SDIO_SDCard_Test	12440	static
../Core/Src/main.c:808:6:Error_Handler	4	static,ignoring_inline_asm
