../Core/Src/main.c:103:6:HAL_SPI_TxRxHalfCpltCallback	1
../Core/Src/main.c:111:6:HAL_SPI_TxRxCpltCallback	1
../Core/Src/main.c:124:5:main	4
../Core/Src/main.c:204:6:SystemClock_Config	3
../Core/Src/main.c:251:13:MX_SDIO_SD_Init	3
../Core/Src/main.c:288:13:MX_SPI1_Init	2
../Core/Src/main.c:326:13:MX_USART2_UART_Init	2
../Core/Src/main.c:359:13:MX_USART3_UART_Init	2
../Core/Src/main.c:392:13:MX_USB_OTG_FS_PCD_Init	2
../Core/Src/main.c:425:13:MX_DMA_Init	1
../Core/Src/main.c:452:13:MX_GPIO_Init	1
../Core/Src/main.c:537:1:__io_putchar	1
../Core/Src/main.c:547:13:SPI_SDIO_Test	14
../Core/Src/main.c:647:13:SDIO_SDCard_Test	8
../Core/Src/main.c:759:6:Error_Handler	1
